###############################################################################
#
# IAR ELF Linker V8.40.1.212/W32 for ARM                  14/Jan/2021  15:36:56
# Copyright 2007-2019 IAR Systems AB.
#
#    Output file  =
#        C:\Users\islam.bedair.ULTIMATRUE\Documents\My-Github\Elevator-Group-Control\XC-GP4V1.0\EWARM\XC-GP4V1.0\Exe\XC-GP4V1.0.out
#    Map file     =
#        C:\Users\islam.bedair.ULTIMATRUE\Documents\My-Github\Elevator-Group-Control\XC-GP4V1.0\EWARM\XC-GP4V1.0\List\XC-GP4V1.0.map
#    Command line =
#        -f C:\Users\ISLAMB~1.ULT\AppData\Local\Temp\EWBB18.tmp
#        (C:\Users\islam.bedair.ULTIMATRUE\Documents\My-Github\Elevator-Group-Control\XC-GP4V1.0\EWARM\XC-GP4V1.0\Obj\Comm.o
#        C:\Users\islam.bedair.ULTIMATRUE\Documents\My-Github\Elevator-Group-Control\XC-GP4V1.0\EWARM\XC-GP4V1.0\Obj\delay.o
#        C:\Users\islam.bedair.ULTIMATRUE\Documents\My-Github\Elevator-Group-Control\XC-GP4V1.0\EWARM\XC-GP4V1.0\Obj\Elevator_Control.o
#        C:\Users\islam.bedair.ULTIMATRUE\Documents\My-Github\Elevator-Group-Control\XC-GP4V1.0\EWARM\XC-GP4V1.0\Obj\gpio.o
#        C:\Users\islam.bedair.ULTIMATRUE\Documents\My-Github\Elevator-Group-Control\XC-GP4V1.0\EWARM\XC-GP4V1.0\Obj\main.o
#        C:\Users\islam.bedair.ULTIMATRUE\Documents\My-Github\Elevator-Group-Control\XC-GP4V1.0\EWARM\XC-GP4V1.0\Obj\ShiftIn165.o
#        C:\Users\islam.bedair.ULTIMATRUE\Documents\My-Github\Elevator-Group-Control\XC-GP4V1.0\EWARM\XC-GP4V1.0\Obj\ShiftOut595.o
#        C:\Users\islam.bedair.ULTIMATRUE\Documents\My-Github\Elevator-Group-Control\XC-GP4V1.0\EWARM\XC-GP4V1.0\Obj\startup_stm32f030xc.o
#        C:\Users\islam.bedair.ULTIMATRUE\Documents\My-Github\Elevator-Group-Control\XC-GP4V1.0\EWARM\XC-GP4V1.0\Obj\stm32f0xx_hal.o
#        C:\Users\islam.bedair.ULTIMATRUE\Documents\My-Github\Elevator-Group-Control\XC-GP4V1.0\EWARM\XC-GP4V1.0\Obj\stm32f0xx_hal_cortex.o
#        C:\Users\islam.bedair.ULTIMATRUE\Documents\My-Github\Elevator-Group-Control\XC-GP4V1.0\EWARM\XC-GP4V1.0\Obj\stm32f0xx_hal_dma.o
#        C:\Users\islam.bedair.ULTIMATRUE\Documents\My-Github\Elevator-Group-Control\XC-GP4V1.0\EWARM\XC-GP4V1.0\Obj\stm32f0xx_hal_exti.o
#        C:\Users\islam.bedair.ULTIMATRUE\Documents\My-Github\Elevator-Group-Control\XC-GP4V1.0\EWARM\XC-GP4V1.0\Obj\stm32f0xx_hal_flash.o
#        C:\Users\islam.bedair.ULTIMATRUE\Documents\My-Github\Elevator-Group-Control\XC-GP4V1.0\EWARM\XC-GP4V1.0\Obj\stm32f0xx_hal_flash_ex.o
#        C:\Users\islam.bedair.ULTIMATRUE\Documents\My-Github\Elevator-Group-Control\XC-GP4V1.0\EWARM\XC-GP4V1.0\Obj\stm32f0xx_hal_gpio.o
#        C:\Users\islam.bedair.ULTIMATRUE\Documents\My-Github\Elevator-Group-Control\XC-GP4V1.0\EWARM\XC-GP4V1.0\Obj\stm32f0xx_hal_i2c.o
#        C:\Users\islam.bedair.ULTIMATRUE\Documents\My-Github\Elevator-Group-Control\XC-GP4V1.0\EWARM\XC-GP4V1.0\Obj\stm32f0xx_hal_i2c_ex.o
#        C:\Users\islam.bedair.ULTIMATRUE\Documents\My-Github\Elevator-Group-Control\XC-GP4V1.0\EWARM\XC-GP4V1.0\Obj\stm32f0xx_hal_msp.o
#        C:\Users\islam.bedair.ULTIMATRUE\Documents\My-Github\Elevator-Group-Control\XC-GP4V1.0\EWARM\XC-GP4V1.0\Obj\stm32f0xx_hal_pwr.o
#        C:\Users\islam.bedair.ULTIMATRUE\Documents\My-Github\Elevator-Group-Control\XC-GP4V1.0\EWARM\XC-GP4V1.0\Obj\stm32f0xx_hal_pwr_ex.o
#        C:\Users\islam.bedair.ULTIMATRUE\Documents\My-Github\Elevator-Group-Control\XC-GP4V1.0\EWARM\XC-GP4V1.0\Obj\stm32f0xx_hal_rcc.o
#        C:\Users\islam.bedair.ULTIMATRUE\Documents\My-Github\Elevator-Group-Control\XC-GP4V1.0\EWARM\XC-GP4V1.0\Obj\stm32f0xx_hal_rcc_ex.o
#        C:\Users\islam.bedair.ULTIMATRUE\Documents\My-Github\Elevator-Group-Control\XC-GP4V1.0\EWARM\XC-GP4V1.0\Obj\stm32f0xx_hal_tim.o
#        C:\Users\islam.bedair.ULTIMATRUE\Documents\My-Github\Elevator-Group-Control\XC-GP4V1.0\EWARM\XC-GP4V1.0\Obj\stm32f0xx_hal_tim_ex.o
#        C:\Users\islam.bedair.ULTIMATRUE\Documents\My-Github\Elevator-Group-Control\XC-GP4V1.0\EWARM\XC-GP4V1.0\Obj\stm32f0xx_hal_uart.o
#        C:\Users\islam.bedair.ULTIMATRUE\Documents\My-Github\Elevator-Group-Control\XC-GP4V1.0\EWARM\XC-GP4V1.0\Obj\stm32f0xx_hal_uart_ex.o
#        C:\Users\islam.bedair.ULTIMATRUE\Documents\My-Github\Elevator-Group-Control\XC-GP4V1.0\EWARM\XC-GP4V1.0\Obj\stm32f0xx_it.o
#        C:\Users\islam.bedair.ULTIMATRUE\Documents\My-Github\Elevator-Group-Control\XC-GP4V1.0\EWARM\XC-GP4V1.0\Obj\system_stm32f0xx.o
#        C:\Users\islam.bedair.ULTIMATRUE\Documents\My-Github\Elevator-Group-Control\XC-GP4V1.0\EWARM\XC-GP4V1.0\Obj\tim.o
#        C:\Users\islam.bedair.ULTIMATRUE\Documents\My-Github\Elevator-Group-Control\XC-GP4V1.0\EWARM\XC-GP4V1.0\Obj\usart.o
#        C:\Users\islam.bedair.ULTIMATRUE\Documents\My-Github\Elevator-Group-Control\XC-GP4V1.0\EWARM\XC-GP4V1.0\Obj\User_Interface.o
#        --redirect _Printf=_PrintfFull --redirect _Scanf=_ScanfFull
#        --no_out_extension -o
#        C:\Users\islam.bedair.ULTIMATRUE\Documents\My-Github\Elevator-Group-Control\XC-GP4V1.0\EWARM\XC-GP4V1.0\Exe\XC-GP4V1.0.out
#        --map
#        C:\Users\islam.bedair.ULTIMATRUE\Documents\My-Github\Elevator-Group-Control\XC-GP4V1.0\EWARM\XC-GP4V1.0\List\XC-GP4V1.0.map
#        --config
#        C:\Users\islam.bedair.ULTIMATRUE\Documents\My-Github\Elevator-Group-Control\XC-GP4V1.0\EWARM/stm32f030xc_flash.icf
#        --entry __iar_program_start --redirect __write=__write_buffered --vfe
#        --text_out locale)
#
###############################################################################

*******************************************************************************
*** RUNTIME MODEL ATTRIBUTES
***

CppFlavor       = *
__SystemLibrary = DLib
__dlib_version  = 6


*******************************************************************************
*** HEAP SELECTION
***

The basic heap was selected because no calls to memory allocation
functions were found in the application outside of system library
functions, and there are calls to deallocation functions in the
application.


*******************************************************************************
*** PLACEMENT SUMMARY
***

"A0":  place at address 0x800'0000 { ro section .intvec };
"P1":  place in [from 0x800'0000 to 0x803'ffff] { ro };
define block CSTACK with size = 1K, alignment = 8 { };
define block HEAP with size = 512, alignment = 8 { };
"P2":  place in [from 0x2000'0000 to 0x2000'7fff] {
          rw, block CSTACK, block HEAP };
initialize by copy { rw };

  Section            Kind         Address    Size  Object
  -------            ----         -------    ----  ------
"A0":                                        0xc0
  .intvec            ro code   0x800'0000    0xc0  startup_stm32f030xc.o [1]
                             - 0x800'00c0    0xc0

"P1":                                      0x7830
  .text              ro code   0x800'00c0  0x14bc  User_Interface.o [1]
  .text              ro code   0x800'157c   0x898  Comm.o [1]
  .text              ro code   0x800'1e14   0x1a0  ShiftIn165.o [1]
  .text              ro code   0x800'1fb4    0xe0  I32DivModFast.o [4]
  .text              ro code   0x800'2094   0x16c  ShiftOut595.o [1]
  .text              ro code   0x800'2200   0x38c  Elevator_Control.o [1]
  .text              ro code   0x800'258c   0x3d8  stm32f0xx_hal_gpio.o [1]
  .text              ro code   0x800'2964   0x32e  main.o [1]
  .text              ro code   0x800'2c92    0x7e  lz77_init_single.o [4]
  .text              ro code   0x800'2d10    0x2c  stm32f0xx_hal.o [1]
  .text              ro code   0x800'2d3c     0x2  IntDivZer.o [4]
  .rodata            const     0x800'2d3e     0x2  xlocale_c.o [2]
  .text              ro code   0x800'2d40    0x20  ABImemmove.o [4]
  .text              ro code   0x800'2d60   0xefc  stm32f0xx_hal_uart.o [1]
  .text              ro code   0x800'3c5c    0x20  stm32f0xx_hal.o [1]
  .text              ro code   0x800'3c7c    0xec  gpio.o [1]
  .text              ro code   0x800'3d68   0x3cc  usart.o [1]
  .text              ro code   0x800'4134    0xb0  tim.o [1]
  .text              ro code   0x800'41e4   0x8f4  stm32f0xx_hal_tim.o [1]
  .text              ro code   0x800'4ad8    0x4e  ABImemset.o [4]
  .rodata            const     0x800'4b26     0x2  xlocale_c.o [2]
  .text              ro code   0x800'4b28   0x984  stm32f0xx_hal_rcc.o [1]
  .text              ro code   0x800'54ac   0x1ac  stm32f0xx_hal_rcc_ex.o [1]
  .text              ro code   0x800'5658     0xc  stm32f0xx_hal.o [1]
  .text              ro code   0x800'5664    0x4e  ABImemcpy.o [4]
  .text              ro code   0x800'56b2     0x2  startup_stm32f030xc.o [1]
  .text              ro code   0x800'56b4    0xa4  stm32f0xx_hal_dma.o [1]
  .text              ro code   0x800'5758     0x2  stm32f0xx_hal_uart.o [1]
  .text              ro code   0x800'575a     0x2  stm32f0xx_hal_uart.o [1]
  .text              ro code   0x800'575c    0x50  stm32f0xx_hal.o [1]
  .text              ro code   0x800'57ac    0x34  stm32f0xx_hal_msp.o [1]
  .text              ro code   0x800'57e0   0x13c  stm32f0xx_hal_cortex.o [1]
  .text              ro code   0x800'591c   0x104  stm32f0xx_hal_tim_ex.o [1]
  .text              ro code   0x800'5a20     0x2  stm32f0xx_hal_tim.o [1]
  .text              ro code   0x800'5a22     0x2  stm32f0xx_hal_tim.o [1]
  .text              ro code   0x800'5a24     0x2  stm32f0xx_hal_tim.o [1]
  .text              ro code   0x800'5a26     0x2  stm32f0xx_hal_tim_ex.o [1]
  .text              ro code   0x800'5a28     0x2  stm32f0xx_hal_tim.o [1]
  .text              ro code   0x800'5a2a     0x2  stm32f0xx_hal_tim_ex.o [1]
  .text              ro code   0x800'5a2c  0x113e  xprintffull.o [2]
  .text              ro code   0x800'6b6a     0x2  startup_stm32f030xc.o [1]
  .text              ro code   0x800'6b6c    0x8c  xlocale_c.o [2]
  .text              ro code   0x800'6bf8    0x12  strchr.o [4]
  .text              ro code   0x800'6c0a     0x2  startup_stm32f030xc.o [1]
  .text              ro code   0x800'6c0c    0x48  xfail_s.o [2]
  .text              ro code   0x800'6c54     0xe  strlen.o [4]
  .text              ro code   0x800'6c62     0x2  startup_stm32f030xc.o [1]
  .text              ro code   0x800'6c64    0x16  memchr.o [4]
  .text              ro code   0x800'6c7a    0x32  DblCmpLe.o [3]
  .text              ro code   0x800'6cac    0x32  DblCmpGe.o [3]
  .text              ro code   0x800'6cde     0x2  startup_stm32f030xc.o [1]
  .text              ro code   0x800'6ce0    0x52  DblToI32.o [3]
  .text              ro code   0x800'6d32     0x2  startup_stm32f030xc.o [1]
  .text              ro code   0x800'6d34    0x34  IxxToDbl.o [3]
  .text              ro code   0x800'6d68   0x1a8  DblAddSub.o [3]
  .text              ro code   0x800'6f10    0xc2  DblDiv.o [3]
  .text              ro code   0x800'6fd2   0x184  DblMul.o [3]
  .text              ro code   0x800'7156     0xa  xmbcurmax.o [2]
  .text              ro code   0x800'7160    0x6a  I64DivMod.o [4]
  .text              ro code   0x800'71ca     0xa  abort.o [2]
  .text              ro code   0x800'71d4     0x2  I64DivZer.o [4]
  .text              ro code   0x800'71d6     0x2  startup_stm32f030xc.o [1]
  .text              ro code   0x800'71d8     0xc  XXexit.o [4]
  .rodata            const     0x800'71e4    0x90  stm32f0xx_hal_cortex.o [1]
  .rodata            const     0x800'7274    0x90  stm32f0xx_hal_gpio.o [1]
  .rodata            const     0x800'7304    0x90  stm32f0xx_hal_rcc_ex.o [1]
  .rodata            const     0x800'7394    0x90  stm32f0xx_hal_tim_ex.o [1]
  .rodata            const     0x800'7424    0x90  stm32f0xx_hal_uart.o [1]
  .rodata            const     0x800'74b4    0x8c  stm32f0xx_hal_rcc.o [1]
  .rodata            const     0x800'7540    0x8c  stm32f0xx_hal_tim.o [1]
  .rodata            const     0x800'75cc    0x8a  xprintffull.o [2]
  .text              ro code   0x800'7656     0x2  startup_stm32f030xc.o [1]
  .text              ro code   0x800'7658    0x74  stm32f0xx_it.o [1]
  .text              ro code   0x800'76cc    0x28  printf.o [2]
  .text              ro code   0x800'76f4    0x18  stm32f0xx_hal.o [1]
  .text              ro code   0x800'770c    0x3c  zero_init3.o [4]
  .text              ro code   0x800'7748    0x28  data_init.o [4]
  .iar.init_table    const     0x800'7770    0x20  - Linker created -
  .text              ro code   0x800'7790    0x1e  cmain.o [4]
  .text              ro code   0x800'77ae     0x4  low_level_init.o [2]
  .text              ro code   0x800'77b2     0x8  exit.o [2]
  .text              ro code   0x800'77ba     0x2  startup_stm32f030xc.o [1]
  .text              ro code   0x800'77bc     0xa  cexit.o [4]
  .text              ro code   0x800'77c6    0x1c  xencoding_8859_1.o [2]
  .text              ro code   0x800'77e2    0x16  xprout.o [2]
  .text              ro code   0x800'77f8    0x10  putchar.o [2]
  .rodata            const     0x800'7808    0x14  stm32f0xx_it.o [1]
  .rodata            const     0x800'781c    0x10  stm32f0xx_hal_rcc.o [1]
  .rodata            const     0x800'782c    0x10  stm32f0xx_hal_rcc.o [1]
  .rodata            const     0x800'783c    0x10  system_stm32f0xx.o [1]
  .text              ro code   0x800'784c    0x10  startup_stm32f030xc.o [1]
  .text              ro code   0x800'785c     0xc  cstartup_M.o [4]
  .rodata            const     0x800'7868     0x8  system_stm32f0xx.o [1]
  .text              ro code   0x800'7870     0x2  startup_stm32f030xc.o [1]
  .text              ro code   0x800'7872     0x2  startup_stm32f030xc.o [1]
  .text              ro code   0x800'7874     0x2  startup_stm32f030xc.o [1]
  .text              ro code   0x800'7876     0x2  startup_stm32f030xc.o [1]
  .text              ro code   0x800'7878     0x2  startup_stm32f030xc.o [1]
  .text              ro code   0x800'787a     0x2  startup_stm32f030xc.o [1]
  .text              ro code   0x800'787c     0x2  startup_stm32f030xc.o [1]
  .text              ro code   0x800'787e     0x2  startup_stm32f030xc.o [1]
  .text              ro code   0x800'7880     0x2  startup_stm32f030xc.o [1]
  .text              ro code   0x800'7882     0x2  startup_stm32f030xc.o [1]
  .text              ro code   0x800'7884     0x2  startup_stm32f030xc.o [1]
  .text              ro code   0x800'7886     0x2  startup_stm32f030xc.o [1]
  .text              ro code   0x800'7888     0x2  startup_stm32f030xc.o [1]
  .text              ro code   0x800'788a     0x2  startup_stm32f030xc.o [1]
  .text              ro code   0x800'788c     0x2  system_stm32f0xx.o [1]
  .rodata            const     0x800'788e     0x1  xlocale_c.o [2]
  .rodata            const     0x800'788f     0x0  zero_init3.o [4]
  .rodata            const     0x800'788f     0x0  lz77_init_single.o [4]
  Initializer bytes  const     0x800'788f    0x61  <for P2-1>
                             - 0x800'78f0  0x7830

"P2", part 1 of 3:                           0xe9
  P2-1                        0x2000'0000    0xe9  <Init block>
    .data            inited   0x2000'0000    0x10  Comm.o [1]
    .data            inited   0x2000'0010     0x8  Comm.o [1]
    .data            inited   0x2000'0018     0x4  stm32f0xx_hal.o [1]
    .data            inited   0x2000'001c     0x4  system_stm32f0xx.o [1]
    .data            inited   0x2000'0020    0x38  xlocale_c.o [2]
    .data            inited   0x2000'0058    0x48  xlocale_c.o [2]
    .data            inited   0x2000'00a0    0x48  xfiles.o [2]
    .data            inited   0x2000'00e8     0x1  stm32f0xx_hal.o [1]
                            - 0x2000'00e9    0xe9

"P2", part 2 of 3:                          0x86c
  .bss               zero     0x2000'00ec   0x328  Elevator_Control.o [1]
  .bss               zero     0x2000'0414    0x84  usart.o [1]
  .bss               zero     0x2000'0498    0x84  usart.o [1]
  .bss               zero     0x2000'051c    0x84  usart.o [1]
  .bss               zero     0x2000'05a0    0x84  usart.o [1]
  .bss               zero     0x2000'0624    0x84  usart.o [1]
  .bss               zero     0x2000'06a8    0x84  usart.o [1]
  .bss               zero     0x2000'072c    0x80  User_Interface.o [1]
  .bss               zero     0x2000'07ac    0x80  User_Interface.o [1]
  .bss               zero     0x2000'082c    0x50  xfiles.o [2]
  .bss               zero     0x2000'087c    0x48  tim.o [1]
  .bss               zero     0x2000'08c4    0x38  main.o [1]
  .bss               zero     0x2000'08fc    0x24  Comm.o [1]
  .bss               zero     0x2000'0920     0x8  Comm.o [1]
  .bss               zero     0x2000'0928     0x8  Comm.o [1]
  .bss               zero     0x2000'0930     0x4  Comm.o [1]
  .bss               zero     0x2000'0934     0x4  Elevator_Control.o [1]
  .bss               zero     0x2000'0938     0x4  Elevator_Control.o [1]
  .bss               zero     0x2000'093c     0x4  main.o [1]
  .bss               zero     0x2000'0940     0x4  main.o [1]
  .bss               zero     0x2000'0944     0x4  main.o [1]
  .bss               zero     0x2000'0948     0x4  stm32f0xx_hal.o [1]
  .bss               zero     0x2000'094c     0x4  xfail_s.o [2]
  .bss               zero     0x2000'0950     0x2  Comm.o [1]
  .bss               zero     0x2000'0952     0x2  Comm.o [1]
  .bss               zero     0x2000'0954     0x1  Comm.o [1]
  .bss               zero     0x2000'0955     0x1  Comm.o [1]
  .bss               zero     0x2000'0956     0x1  Elevator_Control.o [1]
                            - 0x2000'0957   0x86b

"P2", part 3 of 3:                          0x400
  CSTACK                      0x2000'0958   0x400  <Block>
    CSTACK           uninit   0x2000'0958   0x400  <Block tail>
                            - 0x2000'0d58   0x400

Unused ranges:

         From           To      Size
         ----           --      ----
   0x800'78f0   0x803'ffff  0x3'8710
  0x2000'00e9  0x2000'00eb       0x3
  0x2000'0d58  0x2000'7fff    0x72a8


*******************************************************************************
*** INIT TABLE
***

          Address      Size
          -------      ----
Zero (__iar_zero_init3)
    1 destination range, total size 0x86b:
          0x2000'00ec  0x86b

Copy/lz77 (__iar_lz77_init_single3)
    1 source range, total size 0x61 (41% of destination):
           0x800'788f   0x61
    1 destination range, total size 0xe9:
          0x2000'0000   0xe9



*******************************************************************************
*** MODULE SUMMARY
***

    Module                  ro code  ro data  rw data
    ------                  -------  -------  -------
command line/config:
    -------------------------------------------------
    Total:

C:\Users\islam.bedair.ULTIMATRUE\Documents\My-Github\Elevator-Group-Control\XC-GP4V1.0\EWARM\XC-GP4V1.0\Obj: [1]
    Comm.o                    2'200        9       86
    Elevator_Control.o          908               817
    ShiftIn165.o                416
    ShiftOut595.o               364
    User_Interface.o          5'308               256
    gpio.o                      236
    main.o                      814                68
    startup_stm32f030xc.o       254
    stm32f0xx_hal.o             192        3        9
    stm32f0xx_hal_cortex.o      316      144
    stm32f0xx_hal_dma.o         164
    stm32f0xx_hal_gpio.o        984      144
    stm32f0xx_hal_msp.o          52
    stm32f0xx_hal_rcc.o       2'436      172
    stm32f0xx_hal_rcc_ex.o      428      144
    stm32f0xx_hal_tim.o       2'300      140
    stm32f0xx_hal_tim_ex.o      264      144
    stm32f0xx_hal_uart.o      3'840      144
    stm32f0xx_it.o              116       20
    system_stm32f0xx.o            2       26        4
    tim.o                       176                72
    usart.o                     972               792
    -------------------------------------------------
    Total:                   22'742    1'090    2'104

dl6M_tlf.a: [2]
    abort.o                      10
    exit.o                        8
    low_level_init.o              4
    printf.o                     40
    putchar.o                    16
    xencoding_8859_1.o           28
    xfail_s.o                    72                 4
    xfiles.o                              30      152
    xlocale_c.o                 140       58      128
    xmbcurmax.o                  10
    xprintffull.o             4'414      138
    xprout.o                     22
    -------------------------------------------------
    Total:                    4'764      226      284

m6M_tl.a: [3]
    DblAddSub.o                 424
    DblCmpGe.o                   50
    DblCmpLe.o                   50
    DblDiv.o                    194
    DblMul.o                    388
    DblToI32.o                   82
    IxxToDbl.o                   52
    -------------------------------------------------
    Total:                    1'240

rt6M_tl.a: [4]
    ABImemcpy.o                  78
    ABImemmove.o                 32
    ABImemset.o                  78
    I32DivModFast.o             224
    I64DivMod.o                 106
    I64DivZer.o                   2
    IntDivZer.o                   2
    XXexit.o                     12
    cexit.o                      10
    cmain.o                      30
    cstartup_M.o                 12
    data_init.o                  40
    lz77_init_single.o          126
    memchr.o                     22
    strchr.o                     18
    strlen.o                     14
    zero_init3.o                 60
    -------------------------------------------------
    Total:                      866

    Linker created                        32    1'024
-----------------------------------------------------
    Grand Total:             29'612    1'348    3'412


*******************************************************************************
*** ENTRY LIST
***

Entry                       Address   Size  Type      Object
-----                       -------   ----  ----      ------
.iar.init_table$$Base    0x800'7770          --   Gb  - Linker created -
.iar.init_table$$Limit   0x800'7790          --   Gb  - Linker created -
?main                    0x800'7791         Code  Gb  cmain.o [4]
AHBPrescTable            0x800'783c   0x10  Data  Gb  system_stm32f0xx.o [1]
APBPrescTable            0x800'7868    0x8  Data  Gb  system_stm32f0xx.o [1]
CSTACK$$Base            0x2000'0958          --   Gb  - Linker created -
CSTACK$$Limit           0x2000'0d58          --   Gb  - Linker created -
CacheMore                0x800'6b71   0x28  Code  Lc  xlocale_c.o [2]
CalcAverageWaitingTime   0x800'0aa1  0xa58  Code  Gb  User_Interface.o [1]
ClearAllRequests         0x800'09a9   0xf0  Code  Gb  User_Interface.o [1]
ElevatorDispatching      0x800'0679  0x13e  Code  Gb  User_Interface.o [1]
Error_Handler            0x800'2c8f    0x2  Code  Gb  main.o [1]
GPIO_Pin                0x2000'0010    0x8  Data  Gb  Comm.o [1]
GPIOx                   0x2000'0000   0x10  Data  Gb  Comm.o [1]
GetOutOfServiceCounter   0x800'1c57    0x6  Code  Gb  Comm.o [1]
GetRxBufferElevator      0x800'2965   0x10  Code  Gb  main.o [1]
GetTxBufferAddress       0x800'1c4b    0xc  Code  Gb  Comm.o [1]
Getusr_inf_chk_new_req_counter
                         0x800'1c65    0x6  Code  Gb  Comm.o [1]
HAL_DMA_Abort            0x800'56b5   0x4c  Code  Gb  stm32f0xx_hal_dma.o [1]
HAL_DMA_Abort_IT         0x800'5701   0x58  Code  Gb  stm32f0xx_hal_dma.o [1]
HAL_Delay                0x800'2d11   0x2c  Code  Wk  stm32f0xx_hal.o [1]
HAL_GPIO_Init            0x800'258d  0x2e2  Code  Gb  stm32f0xx_hal_gpio.o [1]
HAL_GPIO_ReadPin         0x800'289d   0x2e  Code  Gb  stm32f0xx_hal_gpio.o [1]
HAL_GPIO_TogglePin       0x800'2921   0x2e  Code  Gb  stm32f0xx_hal_gpio.o [1]
HAL_GPIO_WritePin        0x800'28d5   0x4c  Code  Gb  stm32f0xx_hal_gpio.o [1]
HAL_GetTick              0x800'5659    0xc  Code  Wk  stm32f0xx_hal.o [1]
HAL_IncTick              0x800'76f5   0x18  Code  Wk  stm32f0xx_hal.o [1]
HAL_Init                 0x800'3c5d   0x1a  Code  Gb  stm32f0xx_hal.o [1]
HAL_InitTick             0x800'575d   0x50  Code  Wk  stm32f0xx_hal.o [1]
HAL_MspInit              0x800'57ad   0x34  Code  Gb  stm32f0xx_hal_msp.o [1]
HAL_NVIC_EnableIRQ       0x800'58d7   0x1e  Code  Gb  stm32f0xx_hal_cortex.o [1]
HAL_NVIC_SetPriority     0x800'58b7   0x20  Code  Gb  stm32f0xx_hal_cortex.o [1]
HAL_RCCEx_PeriphCLKConfig
                         0x800'54ad  0x184  Code  Gb  stm32f0xx_hal_rcc_ex.o [1]
HAL_RCC_ClockConfig      0x800'51e5  0x1de  Code  Gb  stm32f0xx_hal_rcc.o [1]
HAL_RCC_GetHCLKFreq      0x800'5461    0x6  Code  Gb  stm32f0xx_hal_rcc.o [1]
HAL_RCC_GetPCLK1Freq     0x800'5467   0x18  Code  Gb  stm32f0xx_hal_rcc.o [1]
HAL_RCC_GetSysClockFreq
                         0x800'53e5   0x78  Code  Gb  stm32f0xx_hal_rcc.o [1]
HAL_RCC_OscConfig        0x800'4b29  0x6a0  Code  Gb  stm32f0xx_hal_rcc.o [1]
HAL_SYSTICK_Config       0x800'58f5    0xc  Code  Gb  stm32f0xx_hal_cortex.o [1]
HAL_TIMEx_BreakCallback
                         0x800'5a27    0x2  Code  Wk  stm32f0xx_hal_tim_ex.o [1]
HAL_TIMEx_CommutCallback
                         0x800'5a2b    0x2  Code  Wk  stm32f0xx_hal_tim_ex.o [1]
HAL_TIMEx_MasterConfigSynchronization
                         0x800'591d   0xe2  Code  Gb  stm32f0xx_hal_tim_ex.o [1]
HAL_TIM_Base_Init        0x800'41e5  0x108  Code  Gb  stm32f0xx_hal_tim.o [1]
HAL_TIM_Base_MspInit     0x800'41a5   0x30  Code  Gb  tim.o [1]
HAL_TIM_Base_Start_IT    0x800'4311   0xaa  Code  Gb  stm32f0xx_hal_tim.o [1]
HAL_TIM_ConfigClockSource
                         0x800'458d  0x3e4  Code  Gb  stm32f0xx_hal_tim.o [1]
HAL_TIM_IRQHandler       0x800'43e1  0x1ac  Code  Gb  stm32f0xx_hal_tim.o [1]
HAL_TIM_PeriodElapsedCallback
                         0x800'2aff    0xa  Code  Gb  main.o [1]
HAL_UART_IRQHandler      0x800'3059  0x28c  Code  Gb  stm32f0xx_hal_uart.o [1]
HAL_UART_Init            0x800'2d61   0xe0  Code  Gb  stm32f0xx_hal_uart.o [1]
HAL_UART_MspInit         0x800'3ec1  0x23e  Code  Gb  usart.o [1]
HAL_UART_Receive_IT      0x800'2fdb   0x76  Code  Gb  stm32f0xx_hal_uart.o [1]
HAL_UART_RxCpltCallback
                         0x800'2af3    0xc  Code  Gb  main.o [1]
HAL_UART_Transmit        0x800'2e61   0xf0  Code  Gb  stm32f0xx_hal_uart.o [1]
HAL_UART_Transmit_IT     0x800'2f51   0x8a  Code  Gb  stm32f0xx_hal_uart.o [1]
HAL_UART_TxCpltCallback
                         0x800'2b4f    0xc  Code  Gb  main.o [1]
HandleCallsForOutOffServiceElevator
                         0x800'031d  0x110  Code  Gb  User_Interface.o [1]
HardFault_Handler        0x800'765b    0xa  Code  Gb  stm32f0xx_it.o [1]
LandingCallsTimer        0x800'07b7   0x66  Code  Gb  User_Interface.o [1]
LandingCallsTimerScaner
                         0x800'0431  0x100  Code  Gb  User_Interface.o [1]
MX_GPIO_Init             0x800'3c7d   0xec  Code  Gb  gpio.o [1]
MX_TIM3_Init             0x800'4135   0x70  Code  Gb  tim.o [1]
MX_USART1_UART_Init      0x800'3d69   0x38  Code  Gb  usart.o [1]
MX_USART2_UART_Init      0x800'3da1   0x30  Code  Gb  usart.o [1]
MX_USART3_UART_Init      0x800'3dd1   0x38  Code  Gb  usart.o [1]
MX_USART4_UART_Init      0x800'3e09   0x38  Code  Gb  usart.o [1]
MX_USART5_UART_Init      0x800'3e41   0x38  Code  Gb  usart.o [1]
MX_USART6_UART_Init      0x800'3e79   0x38  Code  Gb  usart.o [1]
NMI_Handler              0x800'7659    0x2  Code  Gb  stm32f0xx_it.o [1]
OutOfServiceCounter     0x2000'0950    0x2  Data  Lc  Comm.o [1]
PendSV_Handler           0x800'7667    0x2  Code  Gb  stm32f0xx_it.o [1]
RXdata                  0x2000'093c    0x4  Data  Gb  main.o [1]
Region$$Table$$Base      0x800'7770          --   Gb  - Linker created -
Region$$Table$$Limit     0x800'7790          --   Gb  - Linker created -
Rstusr_inf_chk_new_req_counter
                         0x800'1c5d    0x8  Code  Gb  Comm.o [1]
RxBufferElevator        0x2000'08c4   0x38  Data  Gb  main.o [1]
SVC_Handler              0x800'7665    0x2  Code  Gb  stm32f0xx_it.o [1]
SendCallsToElevatorWithSameCarPosition
                         0x800'0535  0x13e  Code  Gb  User_Interface.o [1]
SetRequestLed            0x800'023d   0xe0  Code  Gb  User_Interface.o [1]
ShiftOutLandingDN        0x800'2101   0x74  Code  Gb  ShiftOut595.o [1]
ShiftOutLandingUp        0x800'2095   0x6c  Code  Gb  ShiftOut595.o [1]
SysTick_Config           0x800'5885   0x32  Code  Lc  stm32f0xx_hal_cortex.o [1]
SysTick_Handler          0x800'7669    0x8  Code  Gb  stm32f0xx_it.o [1]
SystemClock_Config       0x800'2c1d   0x72  Code  Gb  main.o [1]
SystemCoreClock         0x2000'001c    0x4  Data  Gb  system_stm32f0xx.o [1]
SystemInit               0x800'788d    0x2  Code  Gb  system_stm32f0xx.o [1]
TIM3_COMM_SET_NEW_TICK   0x800'1d25   0x3e  Code  Gb  Comm.o [1]
TIM3_IRQHandler          0x800'7671    0xa  Code  Gb  stm32f0xx_it.o [1]
TIM_Base_SetConfig       0x800'49c5   0x76  Code  Gb  stm32f0xx_hal_tim.o [1]
TIM_ETR_SetConfig        0x800'4ab5   0x18  Code  Gb  stm32f0xx_hal_tim.o [1]
TIM_ITRx_SetConfig       0x800'4aa5   0x10  Code  Lc  stm32f0xx_hal_tim.o [1]
TIM_TI1_ConfigInputStage
                         0x800'4a59   0x24  Code  Lc  stm32f0xx_hal_tim.o [1]
TIM_TI2_ConfigInputStage
                         0x800'4a7d   0x26  Code  Lc  stm32f0xx_hal_tim.o [1]
TxBufferElevator        0x2000'08fc   0x24  Data  Lc  Comm.o [1]
UART_AdvFeatureConfig    0x800'3605  0x1fc  Code  Gb  stm32f0xx_hal_uart.o [1]
UART_CheckIdleState      0x800'3801   0x64  Code  Gb  stm32f0xx_hal_uart.o [1]
UART_DMAAbortOnError     0x800'3a75   0x18  Code  Lc  stm32f0xx_hal_uart.o [1]
UART_EndRxTransfer       0x800'3a19   0x38  Code  Lc  stm32f0xx_hal_uart.o [1]
UART_EndTransmit_IT      0x800'3b1b   0x20  Code  Lc  stm32f0xx_hal_uart.o [1]
UART_Handle_RX_ISR       0x800'2975  0x16a  Code  Gb  main.o [1]
UART_Handle_TX_ISR       0x800'2b09   0x46  Code  Gb  main.o [1]
UART_RxISR_16BIT         0x800'3bc9   0x8e  Code  Lc  stm32f0xx_hal_uart.o [1]
UART_RxISR_8BIT          0x800'3b3b   0x8c  Code  Lc  stm32f0xx_hal_uart.o [1]
UART_SetConfig           0x800'32f9  0x2c0  Code  Gb  stm32f0xx_hal_uart.o [1]
UART_Start_Receive_IT    0x800'3945   0xb4  Code  Gb  stm32f0xx_hal_uart.o [1]
UART_TxISR_16BIT         0x800'3ad1   0x4a  Code  Lc  stm32f0xx_hal_uart.o [1]
UART_TxISR_8BIT          0x800'3a8d   0x44  Code  Lc  stm32f0xx_hal_uart.o [1]
UART_WaitOnFlagUntilTimeout
                         0x800'387d   0xaa  Code  Gb  stm32f0xx_hal_uart.o [1]
USART1_IRQHandler        0x800'767b    0xa  Code  Gb  stm32f0xx_it.o [1]
USART2_IRQHandler        0x800'7685    0xa  Code  Gb  stm32f0xx_it.o [1]
USART3_6_IRQHandler      0x800'768f   0x1c  Code  Gb  stm32f0xx_it.o [1]
USER_INF_CLR_ALL         0x800'2175   0x88  Code  Gb  ShiftOut595.o [1]
_Encoding_8859_1_Mbrlen
                         0x800'77d7    0x2  Code  Gb  xencoding_8859_1.o [2]
_Encoding_8859_1_Wctomb
                         0x800'77c7   0x10  Code  Gb  xencoding_8859_1.o [2]
_LitobFull               0x800'69c3  0x120  Code  Lc  xprintffull.o [2]
_Locale_lconv           0x2000'0020   0x38  Data  Lc  xlocale_c.o [2]
_PrintfFull              0x800'5a2d  0xdc2  Code  Gb  xprintffull.o [2]
_Prout                   0x800'77e3   0x16  Code  Gb  xprout.o [2]
_PutcharsFull            0x800'6b35   0x36  Code  Lc  xprintffull.o [2]
_PutstrFull              0x800'6903   0xc0  Code  Lc  xprintffull.o [2]
_PuttxtFull              0x800'67ef  0x114  Code  Lc  xprintffull.o [2]
__ICFEDIT_region_RAM_end__ {Abs}
                        0x2000'7fff         Data  Gb  <internal module>
__ICFEDIT_region_RAM_start__ {Abs}
                        0x2000'0000         Data  Gb  <internal module>
__NVIC_EnableIRQ         0x800'57e1   0x18  Code  Lc  stm32f0xx_hal_cortex.o [1]
__NVIC_SetPriority       0x800'57f9   0x8c  Code  Lc  stm32f0xx_hal_cortex.o [1]
__aeabi_cdcmple          0x800'6c7b         Code  Gb  DblCmpLe.o [3]
__aeabi_cdrcmple         0x800'6cad         Code  Gb  DblCmpGe.o [3]
__aeabi_d2iz             0x800'6ce1         Code  Gb  DblToI32.o [3]
__aeabi_d2uiz            0x800'6d05         Code  Gb  DblToI32.o [3]
__aeabi_ddiv             0x800'6f11         Code  Gb  DblDiv.o [3]
__aeabi_dmul             0x800'6fd3         Code  Gb  DblMul.o [3]
__aeabi_dsub             0x800'6e23         Code  Gb  DblAddSub.o [3]
__aeabi_i2d              0x800'6d55         Code  Gb  IxxToDbl.o [3]
__aeabi_idiv             0x800'1fe1         Code  Gb  I32DivModFast.o [4]
__aeabi_idiv0            0x800'2d3d         Code  Gb  IntDivZer.o [4]
__aeabi_idivmod          0x800'1fe1         Code  Gb  I32DivModFast.o [4]
__aeabi_ldiv0            0x800'71d5         Code  Gb  I64DivZer.o [4]
__aeabi_memcpy           0x800'5699         Code  Gb  ABImemcpy.o [4]
__aeabi_memcpy4          0x800'5665         Code  Gb  ABImemcpy.o [4]
__aeabi_memcpy8          0x800'5665         Code  Gb  ABImemcpy.o [4]
__aeabi_memmove          0x800'2d41         Code  Gb  ABImemmove.o [4]
__aeabi_memmove4         0x800'2d41         Code  Gb  ABImemmove.o [4]
__aeabi_memmove8         0x800'2d41         Code  Gb  ABImemmove.o [4]
__aeabi_memset           0x800'4ad9         Code  Gb  ABImemset.o [4]
__aeabi_ui2d             0x800'6d35         Code  Gb  IxxToDbl.o [3]
__aeabi_uidiv            0x800'1fe7         Code  Gb  I32DivModFast.o [4]
__aeabi_uidivmod         0x800'1fe7         Code  Gb  I32DivModFast.o [4]
__aeabi_uldivmod         0x800'7161         Code  Gb  I64DivMod.o [4]
__cmain                  0x800'7791         Code  Gb  cmain.o [4]
__exit                   0x800'71d9         Code  Gb  XXexit.o [4]
__iar_Fail_s             0x800'6c0d   0x22  Code  Gb  xfail_s.o [2]
__iar_Mbcurmax           0x800'7157    0xa  Code  Gb  xmbcurmax.o [2]
__iar_Memchr             0x800'6c65         Code  Gb  memchr.o [4]
__iar_Memcpy             0x800'56a5         Code  Gb  ABImemcpy.o [4]
__iar_Memset4_word       0x800'4af9         Code  Gb  ABImemset.o [4]
__iar_Memset_word        0x800'4ae5         Code  Gb  ABImemset.o [4]
__iar_Stdout            0x2000'00a0   0x48  Data  Gb  xfiles.o [2]
__iar_Strchr             0x800'6bf9         Code  Gb  strchr.o [4]
__iar_d2uiz              0x800'6d09         Code  Gb  DblToI32.o [3]
__iar_data_init3         0x800'7749   0x28  Code  Gb  data_init.o [4]
__iar_globLocale        0x2000'0058   0x48  Data  Lc  xlocale_c.o [2]
__iar_global_Locale      0x800'6b6d    0x4  Code  Gb  xlocale_c.o [2]
__iar_lz77_init_single3
                         0x800'2c93   0x7e  Code  Gb  lz77_init_single.o [4]
__iar_program_start      0x800'785d         Code  Gb  cstartup_M.o [4]
__iar_zero_init3         0x800'770d   0x3c  Code  Gb  zero_init3.o [4]
__low_level_init         0x800'77af    0x4  Code  Gb  low_level_init.o [2]
__vector_table           0x800'0000         Data  Gb  startup_stm32f030xc.o [1]
_call_main               0x800'779d         Code  Gb  cmain.o [4]
_exit                    0x800'77bd         Code  Gb  cexit.o [4]
_gLocale_mblen           0x800'6bd5    0xa  Code  Gb  xlocale_c.o [2]
_gLocale_mblenInt        0x800'6b99   0x34  Code  Gb  xlocale_c.o [2]
_gLocale_wctomb          0x800'6bdf    0xa  Code  Gb  xlocale_c.o [2]
_gLocale_wctombInt       0x800'6bcd    0x8  Code  Gb  xlocale_c.o [2]
_main                    0x800'77ab         Code  Gb  cmain.o [4]
abort                    0x800'71cb    0xa  Code  Gb  abort.o [2]
all_requestsDOWN        0x2000'07ac   0x80  Data  Lc  User_Interface.o [1]
all_requestsUP          0x2000'072c   0x80  Data  Lc  User_Interface.o [1]
assert_failed            0x800'2c91    0x2  Code  Gb  main.o [1]
check_new_req            0x800'00ff  0x13e  Code  Gb  User_Interface.o [1]
clearPort                0x800'2adf   0x14  Code  Gb  main.o [1]
clr_req                  0x800'0905   0x9e  Code  Gb  User_Interface.o [1]
comm_change_com_port    0x2000'0928    0x8  Data  Lc  Comm.o [1]
comm_check_event_status
                         0x800'1de9   0x16  Code  Gb  Comm.o [1]
comm_chk_sum             0x800'1c6b   0x3a  Code  Gb  Comm.o [1]
comm_clr_event           0x800'1d63   0x80  Code  Gb  Comm.o [1]
comm_current_state_machine
                        0x2000'0954    0x1  Data  Lc  Comm.o [1]
comm_flags              0x2000'0930    0x4  Data  Lc  Comm.o [1]
comm_get_elevator_data   0x800'1785  0x364  Code  Gb  Comm.o [1]
comm_set_elevator_data   0x800'1aed  0x15e  Code  Gb  Comm.o [1]
comm_set_event           0x800'1ca5   0x80  Code  Gb  Comm.o [1]
comm_waiting_ack_counter
                        0x2000'0920    0x8  Data  Lc  Comm.o [1]
communication_task       0x800'157d  0x1ec  Code  Gb  Comm.o [1]
communication_task::ActiveElevatorNumber
                        0x2000'0955    0x1  Data  Lc  Comm.o [1]
elevator                0x2000'00ec  0x328  Data  Lc  Elevator_Control.o [1]
elevator_Clear_elevator_Request
                         0x800'22e1   0x4e  Code  Gb  Elevator_Control.o [1]
elevator_Get_elevator_Request
                         0x800'237d   0x52  Code  Gb  Elevator_Control.o [1]
elevator_Set_elevator_Request
                         0x800'232f   0x4e  Code  Gb  Elevator_Control.o [1]
elevator_control_task    0x800'2201   0x7c  Code  Gb  Elevator_Control.o [1]
elevator_control_task::elevator_no
                        0x2000'0956    0x1  Data  Lc  Elevator_Control.o [1]
elevator_ctrl_check_event
                         0x800'257d    0xc  Code  Gb  Elevator_Control.o [1]
elevator_ctrl_chk_elevator_availability
                         0x800'22c3    0xc  Code  Gb  Elevator_Control.o [1]
elevator_ctrl_clr_event
                         0x800'24b5   0xc8  Code  Gb  Elevator_Control.o [1]
elevator_ctrl_flags     0x2000'0938    0x4  Data  Lc  Elevator_Control.o [1]
elevator_ctrl_get_elevator_status
                         0x800'227d   0x24  Code  Gb  Elevator_Control.o [1]
elevator_ctrl_set_elevator_status
                         0x800'22a1   0x22  Code  Gb  Elevator_Control.o [1]
elevator_ctrl_set_event
                         0x800'23d9   0xd8  Code  Gb  Elevator_Control.o [1]
elevator_set_elevator_availability
                         0x800'22cf   0x12  Code  Gb  Elevator_Control.o [1]
exit                     0x800'77b3    0x8  Code  Gb  exit.o [2]
findSmallestElement      0x800'14f9   0x84  Code  Gb  User_Interface.o [1]
fputc                    0x800'2b5b   0x16  Code  Gb  main.o [1]
frcount                 0x2000'0944    0x4  Data  Gb  main.o [1]
frheader                0x2000'0940    0x4  Data  Gb  main.o [1]
get_req_active           0x800'081d   0x36  Code  Gb  User_Interface.o [1]
get_req_assigned_elevator
                         0x800'0859   0x3a  Code  Gb  User_Interface.o [1]
get_req_elevator_status
                         0x800'08cb   0x3a  Code  Gb  User_Interface.o [1]
htim3                   0x2000'087c   0x48  Data  Gb  tim.o [1]
huart1                  0x2000'0414   0x84  Data  Gb  usart.o [1]
huart2                  0x2000'0498   0x84  Data  Gb  usart.o [1]
huart3                  0x2000'051c   0x84  Data  Gb  usart.o [1]
huart4                  0x2000'05a0   0x84  Data  Gb  usart.o [1]
huart5                  0x2000'0624   0x84  Data  Gb  usart.o [1]
huart6                  0x2000'06a8   0x84  Data  Gb  usart.o [1]
localeconv               0x800'6be9    0x4  Code  Gb  xlocale_c.o [2]
main                     0x800'2b71   0x6c  Code  Gb  main.o [1]
memchr                   0x800'6c65         Code  Gb  memchr.o [4]
obuf                    0x2000'082c   0x50  Data  Lc  xfiles.o [2]
printf                   0x800'76cd   0x28  Code  Gb  printf.o [2]
putchar                  0x800'77f9   0x10  Code  Gb  putchar.o [2]
read_shift_regsDN        0x800'1ee7   0xca  Code  Gb  ShiftIn165.o [1]
read_shift_regsUp        0x800'1e15   0xd2  Code  Gb  ShiftIn165.o [1]
scale                    0x800'6ae3   0x44  Code  Lc  xprintffull.o [2]
sec_hand                0x2000'094c    0x4  Data  Lc  xfail_s.o [2]
set_req_elevator_status
                         0x800'0899   0x32  Code  Gb  User_Interface.o [1]
strchr                   0x800'6bf9         Code  Gb  strchr.o [4]
strlen                   0x800'6c55         Code  Gb  strlen.o [4]
system_state_machine    0x2000'0934    0x4  Data  Lc  Elevator_Control.o [1]
user_interface_task      0x800'00c1   0x3e  Code  Gb  User_Interface.o [1]
usr_inf_chk_new_req_counter
                        0x2000'0952    0x2  Data  Lc  Comm.o [1]
uwTick                  0x2000'0948    0x4  Data  Gb  stm32f0xx_hal.o [1]
uwTickFreq              0x2000'00e8    0x1  Data  Gb  stm32f0xx_hal.o [1]
uwTickPrio              0x2000'0018    0x4  Data  Gb  stm32f0xx_hal.o [1]


[1] = C:\Users\islam.bedair.ULTIMATRUE\Documents\My-Github\Elevator-Group-Control\XC-GP4V1.0\EWARM\XC-GP4V1.0\Obj
[2] = dl6M_tlf.a
[3] = m6M_tl.a
[4] = rt6M_tl.a

  29'612 bytes of readonly  code memory
   1'348 bytes of readonly  data memory
   3'412 bytes of readwrite data memory

Errors: none
Warnings: none
